// Jest Snapshot v1, https://goo.gl/fbAQLP

exports[`hash hashes 1`] = `"LPJNul+wow"`;
